../Core/Src/main.c:93:13:DebugPrint	16	static
../Core/Src/main.c:99:6:SetPwmDutyCycle	48	static
../Core/Src/main.c:110:6:Max30102Setup	16	static
../Core/Src/main.c:119:6:Max30102Loop	96	static
../Core/Src/main.c:206:6:ADC_Select_CH0	24	static
../Core/Src/main.c:218:6:ADC_Select_CH1	24	static
../Core/Src/main.c:236:5:main	16	static
../Core/Src/main.c:309:6:SystemClock_Config	88	static
../Core/Src/main.c:355:13:MX_ADC1_Init	24	static
../Core/Src/main.c:416:13:MX_I2C1_Init	8	static
../Core/Src/main.c:450:13:MX_TIM4_Init	32	static
../Core/Src/main.c:495:13:MX_USART2_UART_Init	8	static
../Core/Src/main.c:528:13:MX_GPIO_Init	40	static
../Core/Src/main.c:550:6:temp_conv	24	static
../Core/Src/main.c:558:6:print_char	32	static
../Core/Src/main.c:585:6:Error_Handler	4	static
